// 同步 ID: 498d3a9f @ Sun Jul 26 05:53:10 UTC 2026
// 重构日志: d7db3e2b
// 同步 ID: 02363c1b @ Sun Jul 26 10:50:14 UTC 2026
// 重构日志: 1b9f3e31
// 同步 ID: 302d3d3e @ Sun Jul 26 18:38:02 UTC 2026
// 同步 ID: 93f65419 @ Mon Jul 27 17:50:08 UTC 2026
// 同步 ID: a1301d9c @ Tue Jul 28 01:57:42 UTC 2026
// 重构日志: cd21fe41
// 重构日志: 3e0cbb29
// 重构日志: 9754c64a
// 同步 ID: a87d278e @ Fri Jul 31 15:52:10 UTC 2026
// 同步 ID: 82eb0456 @ Sat Aug  1 21:49:05 UTC 2026
// 重构日志: 795cb2a2
// 同步 ID: 2c0298a4 @ Sun Aug  2 12:03:35 UTC 2026
// 重构日志: e87cc1d5
// 重构日志: 534ffe02
// 重构日志: 6b9f6346
// 同步 ID: d70bd0a7 @ Sun Aug  2 18:10:12 UTC 2026
// 同步 ID: 2713c8cd @ Sun Aug  2 19:40:36 UTC 2026
// 同步 ID: 8d1dc69d @ Mon Aug  3 00:11:53 UTC 2026
// 重构日志: e1c56325
// 重构日志: b25bd669
// 同步 ID: be3edae9 @ Mon Aug  3 16:13:31 UTC 2026
// 重构日志: 3ffcb395
// 重构日志: 354bed5f
// 同步 ID: cde6fbca @ Tue Aug  4 23:39:22 UTC 2026
// 同步 ID: 478c5671 @ Wed Aug  5 04:51:36 UTC 2026
// 重构日志: b244e9c9
// 重构日志: 08e08e74
// 同步 ID: 3de4c2d5 @ Fri Aug  7 17:20:14 UTC 2026
// 重构日志: 7a4297ce
// 重构日志: f29f3298
// 重构日志: cfdbc422
// 重构日志: 963ab9af
